  Cuchau.cpp
C:\ZZ-Cosas\AAuni\3\2.Info\Pruebassss\3dmagico\Cuchau\src\arena.h(32,5): error C2512: 'Pj': no hay disponible un constructor predeterminado adecuado
  (compilando archivo de origen "Cuchau.cpp")
      C:\ZZ-Cosas\AAuni\3\2.Info\Pruebassss\3dmagico\Cuchau\src\Pj.h(2,7):
      vea la declaración de 'Pj'
  
C:\ZZ-Cosas\AAuni\3\2.Info\Pruebassss\3dmagico\Cuchau\Cuchau.cpp(50,22): error C2039: "shadowModel": no es un miembro de "Pj"
      C:\ZZ-Cosas\AAuni\3\2.Info\Pruebassss\3dmagico\Cuchau\src\Pj.h(2,7):
      vea la declaración de 'Pj'
  
C:\ZZ-Cosas\AAuni\3\2.Info\Pruebassss\3dmagico\Cuchau\Cuchau.cpp(51,22): error C2039: "shadowModel": no es un miembro de "Pj"
      C:\ZZ-Cosas\AAuni\3\2.Info\Pruebassss\3dmagico\Cuchau\src\Pj.h(2,7):
      vea la declaración de 'Pj'
  
C:\ZZ-Cosas\AAuni\3\2.Info\Pruebassss\3dmagico\Cuchau\Cuchau.cpp(75,20): error C2039: "shadowModel": no es un miembro de "Pj"
      C:\ZZ-Cosas\AAuni\3\2.Info\Pruebassss\3dmagico\Cuchau\src\Pj.h(2,7):
      vea la declaración de 'Pj'
  
  arena.cpp
C:\ZZ-Cosas\AAuni\3\2.Info\Pruebassss\3dmagico\Cuchau\src\arena.h(32,5): error C2512: 'Pj': no hay disponible un constructor predeterminado adecuado
  (compilando archivo de origen "src/arena.cpp")
      C:\ZZ-Cosas\AAuni\3\2.Info\Pruebassss\3dmagico\Cuchau\src\Pj.h(2,7):
      vea la declaración de 'Pj'
  
  Pj.cpp
C:\ZZ-Cosas\AAuni\3\2.Info\Pruebassss\3dmagico\Cuchau\src\Pj.h(9,12): error C3646: 'spriteChar': especificador de invalidación desconocido
  (compilando archivo de origen "src/Pj.cpp")
  
C:\ZZ-Cosas\AAuni\3\2.Info\Pruebassss\3dmagico\Cuchau\src\Pj.h(9,2): error C4430: falta el especificador de tipo; se presupone int. Nota: C++ no admite default-int
  (compilando archivo de origen "src/Pj.cpp")
  
C:\ZZ-Cosas\AAuni\3\2.Info\Pruebassss\3dmagico\Cuchau\src\Pj.h(10,12): error C3646: 'spriteShadow': especificador de invalidación desconocido
  (compilando archivo de origen "src/Pj.cpp")
  
C:\ZZ-Cosas\AAuni\3\2.Info\Pruebassss\3dmagico\Cuchau\src\Pj.h(10,2): error C4430: falta el especificador de tipo; se presupone int. Nota: C++ no admite default-int
  (compilando archivo de origen "src/Pj.cpp")
  
C:\ZZ-Cosas\AAuni\3\2.Info\Pruebassss\3dmagico\Cuchau\src\Pj.h(11,7): error C3646: 'shadowMesh': especificador de invalidación desconocido
  (compilando archivo de origen "src/Pj.cpp")
  
C:\ZZ-Cosas\AAuni\3\2.Info\Pruebassss\3dmagico\Cuchau\src\Pj.h(11,2): error C4430: falta el especificador de tipo; se presupone int. Nota: C++ no admite default-int
  (compilando archivo de origen "src/Pj.cpp")
  
C:\ZZ-Cosas\AAuni\3\2.Info\Pruebassss\3dmagico\Cuchau\src\Pj.h(12,8): error C3646: 'shadow': especificador de invalidación desconocido
  (compilando archivo de origen "src/Pj.cpp")
  
C:\ZZ-Cosas\AAuni\3\2.Info\Pruebassss\3dmagico\Cuchau\src\Pj.h(12,2): error C4430: falta el especificador de tipo; se presupone int. Nota: C++ no admite default-int
  (compilando archivo de origen "src/Pj.cpp")
  
C:\ZZ-Cosas\AAuni\3\2.Info\Pruebassss\3dmagico\Cuchau\src\Pj.h(16,3): error C2065: 'Texture2D': identificador no declarado
  (compilando archivo de origen "src/Pj.cpp")
  
C:\ZZ-Cosas\AAuni\3\2.Info\Pruebassss\3dmagico\Cuchau\src\Pj.h(16,13): error C2146: error de sintaxis: falta ';' delante del identificador 'spriteChar'
  (compilando archivo de origen "src/Pj.cpp")
  
C:\ZZ-Cosas\AAuni\3\2.Info\Pruebassss\3dmagico\Cuchau\src\Pj.h(16,13): error C2065: 'spriteChar': identificador no declarado
  (compilando archivo de origen "src/Pj.cpp")
  
C:\ZZ-Cosas\AAuni\3\2.Info\Pruebassss\3dmagico\Cuchau\src\Pj.h(16,26): error C3861: 'LoadTexture': no se encontró el identificador
  (compilando archivo de origen "src/Pj.cpp")
  
C:\ZZ-Cosas\AAuni\3\2.Info\Pruebassss\3dmagico\Cuchau\src\Pj.h(17,3): error C2065: 'Texture2D': identificador no declarado
  (compilando archivo de origen "src/Pj.cpp")
  
C:\ZZ-Cosas\AAuni\3\2.Info\Pruebassss\3dmagico\Cuchau\src\Pj.h(17,13): error C2146: error de sintaxis: falta ';' delante del identificador 'spriteShadow'
  (compilando archivo de origen "src/Pj.cpp")
  
C:\ZZ-Cosas\AAuni\3\2.Info\Pruebassss\3dmagico\Cuchau\src\Pj.h(17,13): error C2065: 'spriteShadow': identificador no declarado
  (compilando archivo de origen "src/Pj.cpp")
  
C:\ZZ-Cosas\AAuni\3\2.Info\Pruebassss\3dmagico\Cuchau\src\Pj.h(17,28): error C3861: 'LoadTexture': no se encontró el identificador
  (compilando archivo de origen "src/Pj.cpp")
  
C:\ZZ-Cosas\AAuni\3\2.Info\Pruebassss\3dmagico\Cuchau\src\Pj.h(19,3): error C2065: 'Mesh': identificador no declarado
  (compilando archivo de origen "src/Pj.cpp")
  
C:\ZZ-Cosas\AAuni\3\2.Info\Pruebassss\3dmagico\Cuchau\src\Pj.h(19,8): error C2146: error de sintaxis: falta ';' delante del identificador 'shadowMesh'
  (compilando archivo de origen "src/Pj.cpp")
  
C:\ZZ-Cosas\AAuni\3\2.Info\Pruebassss\3dmagico\Cuchau\src\Pj.h(19,8): error C2065: 'shadowMesh': identificador no declarado
  (compilando archivo de origen "src/Pj.cpp")
  
C:\ZZ-Cosas\AAuni\3\2.Info\Pruebassss\3dmagico\Cuchau\src\Pj.h(19,21): error C3861: 'GenMeshPlane': no se encontró el identificador
  (compilando archivo de origen "src/Pj.cpp")
  
C:\ZZ-Cosas\AAuni\3\2.Info\Pruebassss\3dmagico\Cuchau\src\Pj.h(20,3): error C2065: 'Model': identificador no declarado
  (compilando archivo de origen "src/Pj.cpp")
  
C:\ZZ-Cosas\AAuni\3\2.Info\Pruebassss\3dmagico\Cuchau\src\Pj.h(20,9): error C2146: error de sintaxis: falta ';' delante del identificador 'shadowModel'
  (compilando archivo de origen "src/Pj.cpp")
  
C:\ZZ-Cosas\AAuni\3\2.Info\Pruebassss\3dmagico\Cuchau\src\Pj.h(20,9): error C2065: 'shadowModel': identificador no declarado
  (compilando archivo de origen "src/Pj.cpp")
  
C:\ZZ-Cosas\AAuni\3\2.Info\Pruebassss\3dmagico\Cuchau\src\Pj.h(20,41): error C2065: 'shadowMesh': identificador no declarado
  (compilando archivo de origen "src/Pj.cpp")
  
C:\ZZ-Cosas\AAuni\3\2.Info\Pruebassss\3dmagico\Cuchau\src\Pj.h(20,23): error C3861: 'LoadModelFromMesh': no se encontró el identificador
  (compilando archivo de origen "src/Pj.cpp")
  
C:\ZZ-Cosas\AAuni\3\2.Info\Pruebassss\3dmagico\Cuchau\src\Pj.h(21,3): error C2065: 'shadowModel': identificador no declarado
  (compilando archivo de origen "src/Pj.cpp")
  
C:\ZZ-Cosas\AAuni\3\2.Info\Pruebassss\3dmagico\Cuchau\src\Pj.h(21,33): error C2065: 'MATERIAL_MAP_DIFFUSE': identificador no declarado
  (compilando archivo de origen "src/Pj.cpp")
  
C:\ZZ-Cosas\AAuni\3\2.Info\Pruebassss\3dmagico\Cuchau\src\Pj.h(21,65): error C2065: 'spriteShadow': identificador no declarado
  (compilando archivo de origen "src/Pj.cpp")
  
  Generando código...
